▲ Next.js 16.2.11 (Turbopack)
- Local:         http://localhost:3000
- Network:       http://192.168.35.230:3000
- Environments: .env.local, .env
✓ Ready in 2.2s

○ Compiling /api/crawl ...
 GET / 200 in 5.2s (next.js: 4.9s, application-code: 317ms)
 GET /api/crawl 200 in 38ms (next.js: 12ms, application-code: 26ms)
 GET /api/news?limit=50&sortBy=viralScore 200 in 313ms (next.js: 280ms, application-code: 33ms)
 GET /api/queue 200 in 379ms (next.js: 366ms, application-code: 13ms)
 POST /api/crawl 200 in 51s (next.js: 3.5s, application-code: 47s)
 POST /api/generate 200 in 1446ms (next.js: 1396ms, application-code: 50ms)
 POST /api/crawl 200 in 52s (next.js: 5ms, application-code: 52s)
 GET /api/crawl 200 in 38ms (next.js: 11ms, application-code: 27ms)
 GET /api/news?limit=50&sortBy=viralScore 200 in 22ms (next.js: 7ms, application-code: 15ms)
[ai] caption: 5 lines, headline: 의원님 16일 일하고 200만원 챙겼다고?!
[card] AI image: government building, dramatic sky, serious atmosphere...
Defaulting to 'auto' which will select the first provider available for the model, sorted by the user's order in https://hf.co/settings/inference-providers.
Auto selected provider: nscale
 POST /api/generate 200 in 9.9s (next.js: 11ms, application-code: 9.9s)
 GET /api/queue 200 in 20ms (next.js: 7ms, application-code: 13ms)
 GET /api/crawl 200 in 36ms (next.js: 24ms, application-code: 12ms)
 GET /api/news?limit=50&sortBy=viralScore 200 in 55ms (next.js: 40ms, application-code: 15ms)
[ai] caption: 4 lines, headline: 윤 대통령 징역 5년 구형
[card] AI image: government building with dramatic clouds, political atmosphere, editorial photog...
Defaulting to 'auto' which will select the first provider available for the model, sorted by the user's order in https://hf.co/settings/inference-providers.
Auto selected provider: nscale
[card] AI image failed, trying news photo
[card] compositing news image + headline
 POST /api/generate 200 in 6.3s (next.js: 35ms, application-code: 6.3s)
 GET /api/news?limit=50&sortBy=viralScore 200 in 34ms (next.js: 7ms, application-code: 26ms)
 GET /api/queue 200 in 62ms (next.js: 46ms, application-code: 16ms)
 GET /api/crawl 200 in 82ms (next.js: 70ms, application-code: 13ms)
 POST /api/generate 200 in 23ms (next.js: 7ms, application-code: 16ms)
 POST /api/generate 200 in 17ms (next.js: 5ms, application-code: 12ms)
 POST /api/generate 200 in 13ms (next.js: 5ms, application-code: 9ms)
 POST /api/generate 200 in 18ms (next.js: 5ms, application-code: 13ms)
[ai] caption: 5 lines, headline: 광주경찰서장, 장윤기 보고 '봐줬나'? 😳
[card] AI image: urban street scene, dramatic documentary style...
Defaulting to 'auto' which will select the first provider available for the model, sorted by the user's order in https://hf.co/settings/inference-providers.
Auto selected provider: nscale
[card] AI image failed, trying news photo
[card] compositing news image + headline
 POST /api/generate 200 in 4.6s (next.js: 5ms, application-code: 4.6s)
 GET /api/news?limit=50&sortBy=viralScore 200 in 20ms (next.js: 6ms, application-code: 15ms)
 GET /api/queue 200 in 44ms (next.js: 27ms, application-code: 17ms)
 GET /api/crawl 200 in 66ms (next.js: 48ms, application-code: 18ms)
[ai] caption: 5 lines, headline: 경산 아파트 폭발 사고怎么回事?
[card] AI image: night city street with car lights, dramatic lighting, moody atmosphere, cinemati...
Defaulting to 'auto' which will select the first provider available for the model, sorted by the user's order in https://hf.co/settings/inference-providers.
Auto selected provider: nscale
[card] AI image failed, trying news photo
[card] compositing news image + headline
 POST /api/generate 200 in 4.1s (next.js: 7ms, application-code: 4.1s)
 GET /api/queue 200 in 31ms (next.js: 7ms, application-code: 24ms)
 GET /api/crawl 200 in 44ms (next.js: 34ms, application-code: 9ms)
 GET /api/news?limit=50&sortBy=viralScore 200 in 63ms (next.js: 48ms, application-code: 14ms)
[ai] caption: 5 lines, headline: 군인들 징역 30년 구형?
[card] AI image: government building, dramatic sky, serious atmosphere...
Defaulting to 'auto' which will select the first provider available for the model, sorted by the user's order in https://hf.co/settings/inference-providers.
Auto selected provider: nscale
[card] AI image failed, trying news photo
[card] compositing news image + headline
 POST /api/generate 200 in 5.2s (next.js: 17ms, application-code: 5.1s)
[ai] caption: 2 lines, headline: 前사령관들 징역 30년 구형
[card] AI image: dramatic editorial photograph, high contrast, cinematic...
Defaulting to 'auto' which will select the first provider available for the model, sorted by the user's order in https://hf.co/settings/inference-providers.
Auto selected provider: nscale
[card] AI image failed, trying news photo
[card] compositing news image + headline
 POST /api/generate 200 in 4.5s (next.js: 16ms, application-code: 4.5s)
[ai] caption: 5 lines, headline: 경산 아파트 방화 사망…50대 여성 숨져
[card] AI image: dramatic editorial photograph, high contrast, cinematic...
Defaulting to 'auto' which will select the first provider available for the model, sorted by the user's order in https://hf.co/settings/inference-providers.
Auto selected provider: nscale
[card] AI image failed, trying news photo
[card] compositing news image + headline
 POST /api/generate 200 in 4.3s (next.js: 16ms, application-code: 4.3s)
[ai] caption: 5 lines, headline: 야 이거 좀 황당해... 200만원 받았다고?
[card] AI image: government building, dramatic sky, serious atmosphere...
Defaulting to 'auto' which will select the first provider available for the model, sorted by the user's order in https://hf.co/settings/inference-providers.
Auto selected provider: nscale
[card] AI image failed, trying news photo
[card] compositing news image + headline
 POST /api/generate 200 in 5.1s (next.js: 3ms, application-code: 5.1s)
[ai] caption: 4 lines, headline: 최태원 부부 재산분할 오늘 결정!
[card] AI image: dramatic editorial photograph, high contrast, cinematic...
Defaulting to 'auto' which will select the first provider available for the model, sorted by the user's order in https://hf.co/settings/inference-providers.
Auto selected provider: nscale
[card] AI image failed, trying news photo
[card] compositing news image + headline
 POST /api/generate 200 in 4.7s (next.js: 5ms, application-code: 4.7s)
 GET /api/crawl 200 in 20ms (next.js: 6ms, application-code: 14ms)
 GET /api/news?limit=50&sortBy=viralScore 200 in 45ms (next.js: 27ms, application-code: 18ms)
 GET /api/queue 200 in 52ms (next.js: 31ms, application-code: 21ms)
 GET / 200 in 682ms (next.js: 362ms, application-code: 320ms)
 GET / 200 in 360ms (next.js: 208ms, application-code: 153ms)
 GET / 200 in 363ms (next.js: 224ms, application-code: 139ms)
 GET / 200 in 403ms (next.js: 200ms, application-code: 203ms)
 GET / 200 in 93ms (next.js: 22ms, application-code: 70ms)
 GET / 200 in 384ms (next.js: 239ms, application-code: 144ms)
 GET / 200 in 58ms (next.js: 10ms, application-code: 47ms)
 GET / 200 in 406ms (next.js: 264ms, application-code: 142ms)
 GET / 200 in 304ms (next.js: 230ms, application-code: 74ms)
 GET / 200 in 335ms (next.js: 250ms, application-code: 84ms)
 GET / 200 in 270ms (next.js: 181ms, application-code: 89ms)
 POST /api/crawl 200 in 20.2s (next.js: 376ms, application-code: 19.9s)
 GET / 200 in 147ms (next.js: 9ms, application-code: 138ms)
 GET /api/crawl 200 in 20ms (next.js: 5ms, application-code: 15ms)
 GET /api/news?limit=50&sortBy=viralScore 200 in 70ms (next.js: 48ms, application-code: 23ms)
 GET /api/queue 200 in 145ms (next.js: 133ms, application-code: 12ms)
 POST /api/crawl 200 in 59s (next.js: 5ms, application-code: 59s)
 GET /api/crawl 200 in 15ms (next.js: 5ms, application-code: 10ms)
 GET /api/news?limit=50&sortBy=viralScore 200 in 32ms (next.js: 19ms, application-code: 13ms)
 GET / 200 in 441ms (next.js: 320ms, application-code: 121ms)
[ai] caption: 4 lines, headline: 캄보디아에서 100억대 로맨스 사기!!
[api/generate] Error: Error: SQLite3 can only bind numbers, strings, bigints, buffers, and null
    at execute (src\lib\db.ts:20:17)
    at POST (src\app\api\generate\route.ts:64:18)
  18 |
  19 | export async function execute(sql: string, args: (string | number | null)[] = []) {
> 20 |   return client.execute({ sql, args })
     |                 ^
  21 | }
  22 |
 POST /api/generate 500 in 13.2s (next.js: 181ms, application-code: 13.0s)
[ai] caption: 5 lines, headline: 전직 기자 3억5천만원 세탁해…어?!
[api/generate] Error: Error: SQLite3 can only bind numbers, strings, bigints, buffers, and null
    at execute (src\lib\db.ts:20:17)
    at POST (src\app\api\generate\route.ts:64:18)
  18 |
  19 | export async function execute(sql: string, args: (string | number | null)[] = []) {
> 20 |   return client.execute({ sql, args })
     |                 ^
  21 | }
  22 |
 POST /api/generate 500 in 12.3s (next.js: 5ms, application-code: 12.3s)
[ai] caption: 4 lines, headline: '캄보디아 100억대 로맨스스캠' 부
[api/generate] Error: Error: SQLite3 can only bind numbers, strings, bigints, buffers, and null
    at execute (src\lib\db.ts:20:17)
    at POST (src\app\api\generate\route.ts:64:18)
  18 |
  19 | export async function execute(sql: string, args: (string | number | null)[] = []) {
> 20 |   return client.execute({ sql, args })
     |                 ^
  21 | }
  22 |
 POST /api/generate 500 in 12.1s (next.js: 5ms, application-code: 12.1s)
 GET / 200 in 348ms (next.js: 224ms, application-code: 124ms)
[?25h
